Microchip MPLAB XC8 Compiler V1.45 ()

Linker command line:

-W-3 --edf=/opt/microchip/xc8/v1.45/dat/en_msgs.txt -cs \
  -h+dist/default/production/levitator.X.production.sym \
  --cmf=dist/default/production/levitator.X.production.cmf -z -Q18LF1320 \
  -o/tmp/xcX5Gs96s -Mdist/default/production/levitator.X.production.map -E1 \
  -ver=XC8 -ASTACK=080h-0ffh -pstack=STACK -ACODE=00h-01FFFh \
  -ACONST=00h-01FFFh -ASMALLCONST=0100h-01FFhx31 -AMEDIUMCONST=0100h-01FFFh \
  -ACOMRAM=01h-07Fh -AABS1=00h-0FFh -ABIGRAM=01h-0FFh -ARAM=080h-0FFh \
  -ABANK0=080h-0FFh -ASFR=0F80h-0FFFh \
  -preset_vec=00h,intcode,intcodelo,powerup,init -pramtop=0100h \
  -psmallconst=SMALLCONST -pmediumconst=MEDIUMCONST -pconst=CONST \
  -AFARRAM=00h-00h -ACONFIG=0300000h-030000Dh -pconfig=CONFIG \
  -AIDLOC=0200000h-0200007h -pidloc=IDLOC -AEEDATA=0F00000h-0F000FFh \
  -peeprom_data=EEDATA \
  -prdata=COMRAM,nvrram=COMRAM,nvbit=COMRAM,rbss=COMRAM,rbit=COMRAM \
  -pfarbss=FARRAM,fardata=FARRAM,nvFARRAM=FARRAM \
  -pintsave_regs=BIGRAM,bigbss=BIGRAM,bigdata=BIGRAM -pbss=RAM \
  -pidata=CODE,irdata=CODE,ibigdata=CODE,ifardata=CODE -prparam=COMRAM \
  /tmp/xcXXPEfaH.obj dist/default/production/levitator.X.production.obj 

Object code version is 3.11

Machine type is 18LF1320

Call graph: (short form)




                Name                               Link     Load   Length Selector   Space Scale
/tmp/xcXXPEfaH.obj
                init                                  0        0        4        0       0
                idloc                            200000   200000        8   200000       0
                config                           300000   300000        E   300000       0
dist/default/production/levitator.X.production.obj
                smallconst                          100      100       22       80       0
                text12                              484      484       1E       91       0
                text11                              304      304       52       91       0
                text10                              356      356       42       91       0
                text9                               42E      42E       2C       91       0
                text8                               122      122       FA       91       0
                text7                               4BC      4BC       14       91       0
                text6                               45A      45A       2A       91       0
                text5                               3FE      3FE       30       91       0
                text4                               3CE      3CE       30       91       0
                text3                               4A2      4A2       1A       91       0
                text2                               4D0      4D0        A       91       0
                text1                               21C      21C       96       91       0
                text0                               2B2      2B2       52       91       0
                cstackCOMRAM                         26       26       16        1       1
                dataCOMRAM                           3C       3C        6        1       1
                bssCOMRAM                             1        1       25        1       1
                cinit                               398      398       36       91       0
                idataCOMRAM                         4DA      4DA        6       91       0

TOTAL           Name                               Link     Load   Length     Space
        CLASS   STACK          

        CLASS   CODE           
                init                                  0        0        4         0
                text12                              484      484       1E         0
                text11                              304      304       52         0
                text10                              356      356       42         0
                text9                               42E      42E       2C         0
                text8                               122      122       FA         0
                text7                               4BC      4BC       14         0
                text6                               45A      45A       2A         0
                text5                               3FE      3FE       30         0
                text4                               3CE      3CE       30         0
                text3                               4A2      4A2       1A         0
                text2                               4D0      4D0        A         0
                text1                               21C      21C       96         0
                text0                               2B2      2B2       52         0
                cinit                               398      398       36         0
                idataCOMRAM                         4DA      4DA        6         0

        CLASS   CONST          

        CLASS   SMALLCONST     
                smallconst                          100      100       22         0

        CLASS   MEDIUMCONST    

        CLASS   COMRAM         
                cstackCOMRAM                         26       26       16         1
                dataCOMRAM                           3C       3C        6         1
                bssCOMRAM                             1        1       25         1

        CLASS   ABS1           

        CLASS   BIGRAM         

        CLASS   RAM            

        CLASS   BANK0          

        CLASS   SFR            

        CLASS   FARRAM         

        CLASS   CONFIG         
                config                           300000   300000        E         0

        CLASS   IDLOC          
                idloc                            200000   200000        8         0

        CLASS   EEDATA         



SEGMENTS        Name                           Load    Length   Top    Selector   Space  Class

                reset_vec                      000000  000004  000004         0       0  CODE    
                bssCOMRAM                      000001  000041  000042         1       1  COMRAM  
                smallconst                     000100  000022  000122        80       0  SMALLCON
                text8                          000122  0003BE  0004E0        91       0  CODE    
                idloc                          200000  000008  200008    200000       0  IDLOC   
                config                         300000  00000E  30000E    300000       0  CONFIG  


UNUSED ADDRESS RANGES

        Name                Unused          Largest block    Delta
        BANK0            000080-0000FF               80
        BIGRAM           000042-0000FF               BE
        CODE             000004-0000FF               FC
                         0004E0-001FFF             1B20
        COMRAM           000042-00007F               3E
        CONST            000004-0000FF               FC
                         0004E0-001FFF             1B20
        EEDATA           F00000-F000FF              100
        MEDIUMCONST      0004E0-001FFF             1B20
        RAM              000080-0000FF               80
        SFR              000F80-000FFF               80
        SMALLCONST       0004E0-001FFF              100
        STACK            000080-0000FF               80

                                  Symbol Table

?___lwdiv                      cstackCOMRAM 000026
?___lwmod                      cstackCOMRAM 00002D
_ADCON0                        (abs)        000FC2
_ADCON0bits                    (abs)        000FC2
_ADCON1                        (abs)        000FC1
_ADCON2                        (abs)        000FC0
_ADRES                         (abs)        000FC3
_BAUDCTL                       (abs)        000FAA
_INTCONbits                    (abs)        000FF2
_LATAbits                      (abs)        000F89
_LATBbits                      (abs)        000F8A
_PIR1bits                      (abs)        000F9E
_RCSTA                         (abs)        000FAB
_SPBRG                         (abs)        000FAF
_T0CON                         (abs)        000FD5
_TMR0H                         (abs)        000FD7
_TMR0L                         (abs)        000FD6
_TRISAbits                     (abs)        000F92
_TRISBbits                     (abs)        000F93
_TXREG                         (abs)        000FAD
_TXSTA                         (abs)        000FAC
__CFG_BOR$ON                   (abs)        000000
__CFG_BORV$27                  (abs)        000000
__CFG_CP0$OFF                  (abs)        000000
__CFG_CP1$OFF                  (abs)        000000
__CFG_CPB$OFF                  (abs)        000000
__CFG_CPD$OFF                  (abs)        000000
__CFG_EBTR0$OFF                (abs)        000000
__CFG_EBTR1$OFF                (abs)        000000
__CFG_EBTRB$OFF                (abs)        000000
__CFG_FSCM$ON                  (abs)        000000
__CFG_IESO$ON                  (abs)        000000
__CFG_LVP$OFF                  (abs)        000000
__CFG_MCLRE$ON                 (abs)        000000
__CFG_OSC$EC                   (abs)        000000
__CFG_PWRT$OFF                 (abs)        000000
__CFG_STVR$ON                  (abs)        000000
__CFG_WDT$ON                   (abs)        000000
__CFG_WDTPS$32768              (abs)        000000
__CFG_WRT0$OFF                 (abs)        000000
__CFG_WRT1$OFF                 (abs)        000000
__CFG_WRTB$OFF                 (abs)        000000
__CFG_WRTC$OFF                 (abs)        000000
__CFG_WRTD$OFF                 (abs)        000000
__HRAM                         (abs)        000000
__Habs1                        abs1         000000
__Hbank0                       bank0        000000
__Hbigbss                      bigbss       000000
__Hbigdata                     bigdata      000000
__Hbigram                      bigram       000000
__Hbss                         bss          000000
__HbssCOMRAM                   bssCOMRAM    000000
__Hcinit                       cinit        000000
__Hclrtext                     clrtext      000000
__Hcomram                      comram       000000
__Hconfig                      config       30000E
__Hconst                       const        000000
__HcstackCOMRAM                cstackCOMRAM 000000
__Hdata                        data         000000
__HdataCOMRAM                  dataCOMRAM   000000
__Heeprom_data                 eeprom_data  000000
__Hfarbss                      farbss       000000
__Hfardata                     fardata      000000
__Hibigdata                    ibigdata     000000
__Hidata                       idata        000000
__HidataCOMRAM                 idataCOMRAM  000000
__Hidloc                       idloc        200008
__Hifardata                    ifardata     000000
__Hinit                        init         000004
__Hintcode                     intcode      000000
__Hintcode_body                intcode_body 000000
__Hintcodelo                   intcodelo    000000
__Hintentry                    intentry     000000
__Hintret                      intret       000000
__Hintsave_regs                intsave_regs 000000
__Hirdata                      irdata       000000
__Hmediumconst                 mediumconst  000000
__HnvFARRAM                    nvFARRAM     000000
__Hnvbit                       nvbit        000000
__Hnvrram                      nvrram       000000
__Hparam                       rparam       000000
__Hpowerup                     powerup      000000
__Hram                         ram          000000
__Hramtop                      ramtop       000100
__Hrbit                        rbit         000000
__Hrbss                        rbss         000000
__Hrdata                       rdata        000000
__Hreset_vec                   reset_vec    000000
__Hrparam                      rparam       000000
__Hsfr                         sfr          000000
__Hsmallconst                  smallconst   000122
__Hspace_0                     (abs)        30000E
__Hspace_1                     (abs)        000042
__Hspace_2                     (abs)        000000
__Hstack                       stack        000000
__Hstruct                      struct       000000
__Htemp                        temp         000000
__Htext                        text         000000
__Htext0                       text0        000000
__Htext1                       text1        000000
__Htext10                      text10       000000
__Htext11                      text11       000000
__Htext12                      text12       000000
__Htext13                      text13       000000
__Htext2                       text2        000000
__Htext3                       text3        000000
__Htext4                       text4        000000
__Htext5                       text5        000000
__Htext6                       text6        000000
__Htext7                       text7        000000
__Htext8                       text8        000000
__Htext9                       text9        000000
__LRAM                         (abs)        000001
__Labs1                        abs1         000000
__Lbank0                       bank0        000000
__Lbigbss                      bigbss       000000
__Lbigdata                     bigdata      000000
__Lbigram                      bigram       000000
__Lbss                         bss          000000
__LbssCOMRAM                   bssCOMRAM    000000
__Lcinit                       cinit        000000
__Lclrtext                     clrtext      000000
__Lcomram                      comram       000000
__Lconfig                      config       300000
__Lconst                       const        000000
__LcstackCOMRAM                cstackCOMRAM 000000
__Ldata                        data         000000
__LdataCOMRAM                  dataCOMRAM   000000
__Leeprom_data                 eeprom_data  000000
__Lfarbss                      farbss       000000
__Lfardata                     fardata      000000
__Libigdata                    ibigdata     000000
__Lidata                       idata        000000
__LidataCOMRAM                 idataCOMRAM  000000
__Lidloc                       idloc        200000
__Lifardata                    ifardata     000000
__Linit                        init         000000
__Lintcode                     intcode      000000
__Lintcode_body                intcode_body 000000
__Lintcodelo                   intcodelo    000000
__Lintentry                    intentry     000000
__Lintret                      intret       000000
__Lintsave_regs                intsave_regs 000000
__Lirdata                      irdata       000000
__Lmediumconst                 mediumconst  000000
__LnvFARRAM                    nvFARRAM     000000
__Lnvbit                       nvbit        000000
__Lnvrram                      nvrram       000000
__Lparam                       rparam       000000
__Lpowerup                     powerup      000000
__Lram                         ram          000000
__Lramtop                      ramtop       000100
__Lrbit                        rbit         000000
__Lrbss                        rbss         000000
__Lrdata                       rdata        000000
__Lreset_vec                   reset_vec    000000
__Lrparam                      rparam       000000
__Lsfr                         sfr          000000
__Lsmallconst                  smallconst   000100
__Lspace_0                     (abs)        000000
__Lspace_1                     (abs)        000000
__Lspace_2                     (abs)        000000
__Lstack                       stack        000000
__Lstruct                      struct       000000
__Ltemp                        temp         000000
__Ltext                        text         000000
__Ltext0                       text0        000000
__Ltext1                       text1        000000
__Ltext10                      text10       000000
__Ltext11                      text11       000000
__Ltext12                      text12       000000
__Ltext13                      text13       000000
__Ltext2                       text2        000000
__Ltext3                       text3        000000
__Ltext4                       text4        000000
__Ltext5                       text5        000000
__Ltext6                       text6        000000
__Ltext7                       text7        000000
__Ltext8                       text8        000000
__Ltext9                       text9        000000
__S0                           (abs)        30000E
__S1                           (abs)        000042
__S2                           (abs)        000000
___inthi_sp                    stack        000000
___intlo_sp                    stack        000000
___lwdiv                       text11       000304
___lwdiv@counter               cstackCOMRAM 00002C
___lwdiv@dividend              cstackCOMRAM 000026
___lwdiv@divisor               cstackCOMRAM 000028
___lwdiv@quotient              cstackCOMRAM 00002A
___lwmod                       text10       000356
___lwmod@counter               cstackCOMRAM 000031
___lwmod@dividend              cstackCOMRAM 00002D
___lwmod@divisor               cstackCOMRAM 00002F
___param_bank                  (abs)        000000
___rparam_used                 (abs)        000001
___sp                          stack        000000
__accesstop                    (abs)        000080
__activetblptr                 (abs)        000002
__end_of___lwdiv               text11       000356
__end_of___lwmod               text10       000398
__end_of__initialization       cinit        0003C4
__end_of_adc_delay             text2        0004DA
__end_of_handle_adc            text1        0002B2
__end_of_handle_uart           text5        00042E
__end_of_hex_table             smallconst   000111
__end_of_magnet_off            text3        0004BC
__end_of_magnet_on             text4        0003FE
__end_of_main                  text0        000304
__end_of_print_byte            text9        00045A
__end_of_print_number          text7        0004D0
__end_of_print_number_nospace  text8        00021C
__end_of_print_text            text6        000484
__end_of_start_adc             text12       0004A2
__initialization               cinit        000398
__mediumconst                  mediumconst  000000
__pbssCOMRAM                   bssCOMRAM    000001
__pcinit                       cinit        000398
__pcstackCOMRAM                cstackCOMRAM 000026
__pdataCOMRAM                  dataCOMRAM   00003C
__pidataCOMRAM                 idataCOMRAM  0004DA
__psmallconst                  smallconst   000100
__ptext0                       text0        0002B2
__ptext1                       text1        00021C
__ptext10                      text10       000356
__ptext11                      text11       000304
__ptext12                      text12       000484
__ptext13                      text13       000000
__ptext2                       text2        0004D0
__ptext3                       text3        0004A2
__ptext4                       text4        0003CE
__ptext5                       text5        0003FE
__ptext6                       text6        00045A
__ptext7                       text7        0004BC
__ptext8                       text8        000122
__ptext9                       text9        00042E
__ramtop                       ramtop       000100
__size_of___lwdiv              (abs)        000000
__size_of___lwmod              (abs)        000000
__size_of_adc_delay            (abs)        000000
__size_of_handle_adc           (abs)        000000
__size_of_handle_uart          (abs)        000000
__size_of_magnet_off           (abs)        000000
__size_of_magnet_on            (abs)        000000
__size_of_main                 (abs)        000000
__size_of_print_byte           (abs)        000000
__size_of_print_number         (abs)        000000
__size_of_print_number_nospace (abs)        000000
__size_of_print_text           (abs)        000000
__size_of_start_adc            (abs)        000000
__smallconst                   smallconst   000100
_adc_delay                     text2        0004D0
_adc_total                     bssCOMRAM    000021
_handle_adc                    text1        00021C
_handle_uart                   text5        0003FE
_hex_table                     smallconst   000101
_magnet_delay                  dataCOMRAM   00003E
_magnet_off                    text3        0004A2
_magnet_on                     text4        0003CE
_magnet_state                  dataCOMRAM   000040
_main                          text0        0002B2
_print_byte                    text9        00042E
_print_number                  text7        0004BC
_print_number_nospace          text8        000122
_print_text                    text6        00045A
_pulse_count                   dataCOMRAM   00003C
_start_adc                     text12       000484
_uart_buffer                   bssCOMRAM    000001
_uart_position1                bssCOMRAM    000024
_uart_position2                bssCOMRAM    000023
_uart_size                     bssCOMRAM    000025
end_of_initialization          cinit        0003C4
handle_adc@diff                cstackCOMRAM 000038
handle_adc@feedback            cstackCOMRAM 00003A
intlevel0                      text         000000
intlevel1                      text         000000
intlevel2                      text         000000
intlevel3                      text         000000
print_byte@c                   cstackCOMRAM 000026
print_number@number            cstackCOMRAM 000034
print_number_nospace@number    cstackCOMRAM 000032
print_text@s                   cstackCOMRAM 000027
stackhi                        (abs)        0000FF
stacklo                        (abs)        000080
start                          init         000000
start_initialization           cinit        000398


FUNCTION INFORMATION:

 *************** function _main *****************
 Defined at:
		line 304 in file "mane.c"
 Parameters:    Size  Location     Type
		None
 Auto vars:     Size  Location     Type
		None
 Return value:  Size  Location     Type
                  1    wreg      void 
 Registers used:
		wreg, fsr2l, fsr2h, status,2, status,0, pclath, tosl, tblptrl, tblptrh, tblptru, prodl, prodh, cstack
 Tracked objects:
		On entry : 
		On exit  : 
		Unchanged: 
 Data sizes:     COMRAM   BANK0
      Params:         0       0
      Locals:         0       0
      Temps:          0       0
      Totals:         0       0
Total ram usage:        0 bytes
 Hardware stack levels required when called:    4
 This function calls:
		_adc_delay
		_handle_adc
		_handle_uart
		_magnet_off
		_magnet_on
		_print_text
 This function is called by:
		Startup code after reset
 This function uses a non-reentrant model


 *************** function _handle_adc *****************
 Defined at:
		line 261 in file "mane.c"
 Parameters:    Size  Location     Type
		None
 Auto vars:     Size  Location     Type
  feedback        2   20[COMRAM] int 
  diff            2   18[COMRAM] int 
 Return value:  Size  Location     Type
                  1    wreg      void 
 Registers used:
		wreg, fsr2l, fsr2h, status,2, status,0, tblptrl, tblptrh, tblptru, prodl, prodh, cstack
 Tracked objects:
		On entry : 
		On exit  : 
		Unchanged: 
 Data sizes:     COMRAM   BANK0
      Params:         0       0
      Locals:         4       0
      Temps:          2       0
      Totals:         6       0
Total ram usage:        6 bytes
 Hardware stack levels used:    1
 Hardware stack levels required when called:    3
 This function calls:
		_print_number
		_print_text
 This function is called by:
		_start_adc
		_main
 This function uses a non-reentrant model


 *************** function _adc_delay *****************
 Defined at:
		line 243 in file "mane.c"
 Parameters:    Size  Location     Type
		None
 Auto vars:     Size  Location     Type
		None
 Return value:  Size  Location     Type
                  1    wreg      void 
 Registers used:
		wreg, status,2, status,0, cstack
 Tracked objects:
		On entry : 
		On exit  : 
		Unchanged: 
 Data sizes:     COMRAM   BANK0
      Params:         0       0
      Locals:         0       0
      Temps:          0       0
      Totals:         0       0
Total ram usage:        0 bytes
 Hardware stack levels used:    1
 Hardware stack levels required when called:    1
 This function calls:
		_start_adc
 This function is called by:
		_magnet_off
		_main
 This function uses a non-reentrant model


 *************** function _magnet_off *****************
 Defined at:
		line 231 in file "mane.c"
 Parameters:    Size  Location     Type
		None
 Auto vars:     Size  Location     Type
		None
 Return value:  Size  Location     Type
                  1    wreg      void 
 Registers used:
		wreg, status,2, status,0
 Tracked objects:
		On entry : 
		On exit  : 
		Unchanged: 
 Data sizes:     COMRAM   BANK0
      Params:         0       0
      Locals:         0       0
      Temps:          0       0
      Totals:         0       0
Total ram usage:        0 bytes
 Hardware stack levels used:    1
 This function calls:
		Nothing
 This function is called by:
		_magnet_on
		_main
 This function uses a non-reentrant model


 *************** function _magnet_on *****************
 Defined at:
		line 213 in file "mane.c"
 Parameters:    Size  Location     Type
		None
 Auto vars:     Size  Location     Type
		None
 Return value:  Size  Location     Type
                  1    wreg      void 
 Registers used:
		wreg, status,2, status,0, cstack
 Tracked objects:
		On entry : 
		On exit  : 
		Unchanged: 
 Data sizes:     COMRAM   BANK0
      Params:         0       0
      Locals:         0       0
      Temps:          0       0
      Totals:         0       0
Total ram usage:        0 bytes
 Hardware stack levels used:    1
 Hardware stack levels required when called:    1
 This function calls:
		_start_adc
 This function is called by:
		_handle_adc
		_main
 This function uses a non-reentrant model


 *************** function _handle_uart *****************
 Defined at:
		line 189 in file "mane.c"
 Parameters:    Size  Location     Type
		None
 Auto vars:     Size  Location     Type
		None
 Return value:  Size  Location     Type
                  1    wreg      void 
 Registers used:
		wreg, fsr2l, fsr2h, status,2, status,0, prodl, prodh
 Tracked objects:
		On entry : 
		On exit  : 
		Unchanged: 
 Data sizes:     COMRAM   BANK0
      Params:         0       0
      Locals:         0       0
      Temps:          0       0
      Totals:         0       0
Total ram usage:        0 bytes
 Hardware stack levels used:    1
 This function calls:
		Nothing
 This function is called by:
		_main
		_flush_uart
 This function uses a non-reentrant model


 *************** function _print_text *****************
 Defined at:
		line 118 in file "mane.c"
 Parameters:    Size  Location     Type
  s               2    1[COMRAM] PTR const unsigned char 
		 -> STR_2(15), STR_1(2), 
 Auto vars:     Size  Location     Type
		None
 Return value:  Size  Location     Type
                  1    wreg      void 
 Registers used:
		wreg, fsr2l, fsr2h, status,2, status,0, tblptrl, tblptrh, tblptru, prodl, prodh, cstack
 Tracked objects:
		On entry : 
		On exit  : 
		Unchanged: 
 Data sizes:     COMRAM   BANK0
      Params:         2       0
      Locals:         0       0
      Temps:          0       0
      Totals:         2       0
Total ram usage:        2 bytes
 Hardware stack levels used:    1
 Hardware stack levels required when called:    1
 This function calls:
		_print_byte
 This function is called by:
		_handle_adc
		_main
 This function uses a non-reentrant model


 *************** function _print_number *****************
 Defined at:
		line 143 in file "mane.c"
 Parameters:    Size  Location     Type
  number          2   14[COMRAM] unsigned int 
 Auto vars:     Size  Location     Type
		None
 Return value:  Size  Location     Type
                  1    wreg      void 
 Registers used:
		wreg, fsr2l, fsr2h, status,2, status,0, prodl, prodh, cstack
 Tracked objects:
		On entry : 
		On exit  : 
		Unchanged: 
 Data sizes:     COMRAM   BANK0
      Params:         2       0
      Locals:         0       0
      Temps:          0       0
      Totals:         2       0
Total ram usage:        2 bytes
 Hardware stack levels used:    1
 Hardware stack levels required when called:    2
 This function calls:
		_print_byte
		_print_number_nospace
 This function is called by:
		_handle_adc
 This function uses a non-reentrant model


 *************** function _print_number_nospace *****************
 Defined at:
		line 128 in file "mane.c"
 Parameters:    Size  Location     Type
  number          2   12[COMRAM] unsigned int 
 Auto vars:     Size  Location     Type
		None
 Return value:  Size  Location     Type
                  1    wreg      void 
 Registers used:
		wreg, fsr2l, fsr2h, status,2, status,0, prodl, prodh, cstack
 Tracked objects:
		On entry : 
		On exit  : 
		Unchanged: 
 Data sizes:     COMRAM   BANK0
      Params:         2       0
      Locals:         0       0
      Temps:          0       0
      Totals:         2       0
Total ram usage:        2 bytes
 Hardware stack levels used:    1
 Hardware stack levels required when called:    1
 This function calls:
		___lwdiv
		___lwmod
		_print_byte
 This function is called by:
		_print_number
		_print_number_signed
 This function uses a non-reentrant model


 *************** function _print_byte *****************
 Defined at:
		line 105 in file "mane.c"
 Parameters:    Size  Location     Type
  c               1    wreg     unsigned char 
 Auto vars:     Size  Location     Type
  c               1    0[COMRAM] unsigned char 
 Return value:  Size  Location     Type
                  1    wreg      void 
 Registers used:
		wreg, fsr2l, fsr2h, status,2, status,0, prodl, prodh
 Tracked objects:
		On entry : 
		On exit  : 
		Unchanged: 
 Data sizes:     COMRAM   BANK0
      Params:         0       0
      Locals:         1       0
      Temps:          0       0
      Totals:         1       0
Total ram usage:        1 bytes
 Hardware stack levels used:    1
 This function calls:
		Nothing
 This function is called by:
		_print_text
		_print_number_nospace
		_print_number
		_print_number2
		_print_number_signed
		_print_hex2
		_print_bin
 This function uses a non-reentrant model


 *************** function ___lwmod *****************
 Defined at:
		line 8 in file "/opt/microchip/xc8/v1.45/sources/common/lwmod.c"
 Parameters:    Size  Location     Type
  dividend        2    7[COMRAM] unsigned int 
  divisor         2    9[COMRAM] unsigned int 
 Auto vars:     Size  Location     Type
  counter         1   11[COMRAM] unsigned char 
 Return value:  Size  Location     Type
                  2    7[COMRAM] unsigned int 
 Registers used:
		wreg, status,2, status,0
 Tracked objects:
		On entry : 
		On exit  : 
		Unchanged: 
 Data sizes:     COMRAM   BANK0
      Params:         4       0
      Locals:         1       0
      Temps:          0       0
      Totals:         5       0
Total ram usage:        5 bytes
 Hardware stack levels used:    1
 This function calls:
		Nothing
 This function is called by:
		_print_number_nospace
 This function uses a non-reentrant model


 *************** function ___lwdiv *****************
 Defined at:
		line 8 in file "/opt/microchip/xc8/v1.45/sources/common/lwdiv.c"
 Parameters:    Size  Location     Type
  dividend        2    0[COMRAM] unsigned int 
  divisor         2    2[COMRAM] unsigned int 
 Auto vars:     Size  Location     Type
  quotient        2    4[COMRAM] unsigned int 
  counter         1    6[COMRAM] unsigned char 
 Return value:  Size  Location     Type
                  2    0[COMRAM] unsigned int 
 Registers used:
		wreg, status,2, status,0
 Tracked objects:
		On entry : 
		On exit  : 
		Unchanged: 
 Data sizes:     COMRAM   BANK0
      Params:         4       0
      Locals:         3       0
      Temps:          0       0
      Totals:         7       0
Total ram usage:        7 bytes
 Hardware stack levels used:    1
 This function calls:
		Nothing
 This function is called by:
		_print_number_nospace
 This function uses a non-reentrant model


 *************** function _start_adc *****************
 Defined at:
		line 251 in file "mane.c"
 Parameters:    Size  Location     Type
		None
 Auto vars:     Size  Location     Type
		None
 Return value:  Size  Location     Type
                  1    wreg      void 
 Registers used:
		wreg, status,2, status,0
 Tracked objects:
		On entry : 
		On exit  : 
		Unchanged: 
 Data sizes:     COMRAM   BANK0
      Params:         0       0
      Locals:         0       0
      Temps:          0       0
      Totals:         0       0
Total ram usage:        0 bytes
 Hardware stack levels used:    1
 This function calls:
		Nothing
 This function is called by:
		_magnet_on
		_adc_delay
 This function uses a non-reentrant model



MODULE INFORMATION

Module		Function		Class		Link	Load	Size
/opt/microchip/xc8/v1.45/sources/common/lwmod.c
		___lwmod       		CODE           	0356	0000	67

/opt/microchip/xc8/v1.45/sources/common/lwmod.c estimated size: 67

mane.c
		_print_number  		CODE           	04BC	0000	21
		_start_adc     		CODE           	0484	0000	31
		_print_text    		CODE           	045A	0000	43
		_handle_adc    		CODE           	021C	0000	151
		_main          		CODE           	02B2	0000	83
		_handle_uart   		CODE           	03FE	0000	49
		_print_number_nospace		CODE           	0122	0000	251
		_print_byte    		CODE           	042E	0000	45
		_magnet_on     		CODE           	03CE	0000	49
		_magnet_off    		CODE           	04A2	0000	27
		_adc_delay     		CODE           	04D0	0000	11

mane.c estimated size: 761

shared
		_hex_table     		SMALLCONST     	0101	0000	17
		__initialization		CODE           	0398	0000	45

shared estimated size: 62

/opt/microchip/xc8/v1.45/sources/common/lwdiv.c
		___lwdiv       		CODE           	0304	0000	83

/opt/microchip/xc8/v1.45/sources/common/lwdiv.c estimated size: 83

